// Jest Snapshot v1, https://goo.gl/fbAQLP

exports[`should render PlayerCount if loaded 1`] = `
<PlayerCount
  appId="74933"
  playerCount={2000}
/>
`;
