// Jest Snapshot v1, https://goo.gl/fbAQLP

exports[`should have initial state 1`] = `
Object {
  "appsCurrentPlayers": Object {
    "apps": Array [],
    "error": false,
    "loaded": false,
    "loading": false,
  },
}
`;
